0
-------
1
----------
1101
--------
10
--------
10000


