Ставим букет в вазу N 0
Вынимаем букет из вазы N 1
Вынимаем букет из вазы N 0
