1 * 2 3
2 a - -
3 - 4 5
4 b - -
5 / 6 7
6 c - -
7 d - -
